Resource Usage Report for RTG4_RV32_BaseDesign 

Mapping to part: rt4g150cg1657-1
Cell usage:
AND2            2 uses
CCC             1 use
CLKINT          8 uses
DFN1            28 uses
FDDR_W          1 use
INV             1 use
MX2             28 uses
RCOSC_50MHZ     1 use
SYSRESET        1 use
UJTAG           1 use
CFG1           20 uses
CFG2           1389 uses
CFG3           4489 uses
CFG4           4994 uses

Carry cells:
ARI1            1026 uses - used for arithmetic functions
ARI1            114 uses - used for Wide-Mux implementation
Total ARI1      1140 uses


Sequential Cells: 
SLE            5520 uses

DSP Blocks:    2 of 462 (0%)
 MACC:         1 MultAdd
 MACC:         1 Mult

I/O ports: 100
I/O primitives: 89
BIBUF          36 uses
BIBUF_DIFF     4 uses
INBUF          11 uses
OUTBUF         37 uses
OUTBUF_DIFF    1 use


Global Clock Buffers: 8 of 8 (100%)


Total LUTs:    12032

Extra resources required for RAM and MACC interface logic during P&R:

RAM64x18_RT Interface Logic : SLEs = 288; LUTs = 288;
RAM1K18_RT  Interface Logic : SLEs = 288; LUTs = 288;
MACC     Interface Logic : SLEs = 72; LUTs = 72;

Total number of SLEs after P&R:  5520 + 288 + 288 + 72 = 6168;
Total number of LUTs after P&R:  12032 + 288 + 288 + 72 = 12680;

