*****************************************************************
Pin Report - Date: Wed Nov 15 23:13:59 2017 Pinchecksum: NOT-AVAILABLE
Product: Designer
Release: Libero SoC v11.8 SP1
Version: 11.8.1.12
Design Name: RTG4_RV32_BaseDesign
Family: RTG4
Die: RT4G150
Package: 1657 CG
*****************************************************************

Port                  |Pin  |Fixed |Function                                                              |Bank     |I/O Std   |Direction     |Resistor Pull   |Schmitt Trigger |Odt_Static    |Odt Imp (Ohm) |Input Delay |Slew         |Pre-Emphasis      |Output Drive (mA) |Output Load (pF) |
----------------------|-----|------|----------------------------------------------------------------------|---------|----------|--------------|----------------|----------------|--------------|--------------|------------|-------------|------------------|------------------|-----------------|
DEVRST_N               J33   Fixed  DEVRST_N                                                               ---       
FDDR_ADDR[0]           AM1   Yes    DDRIO139PB9/FDDR_W_ADDR0                                               Bank9     SSTL15I    Output         ---              ---              ---            ---            ---          ---           ---                ---                5                 
FDDR_ADDR[1]           AF2   Yes    DDRIO140NB9/FDDR_W_ADDR1                                               Bank9     SSTL15I    Output         ---              ---              ---            ---            ---          ---           ---                ---                5                 
FDDR_ADDR[2]           AF3   Yes    DDRIO140PB9/FDDR_W_ADDR2                                               Bank9     SSTL15I    Output         ---              ---              ---            ---            ---          ---           ---                ---                5                 
FDDR_ADDR[3]           AH1   Yes    DDRIO141NB9/FDDR_W_ADDR3                                               Bank9     SSTL15I    Output         ---              ---              ---            ---            ---          ---           ---                ---                5                 
FDDR_ADDR[4]           AG1   Yes    DDRIO141PB9/FDDR_W_ADDR4                                               Bank9     SSTL15I    Output         ---              ---              ---            ---            ---          ---           ---                ---                5                 
FDDR_ADDR[5]           AM2   Yes    DDRIO142NB9/FDDR_W_ADDR5                                               Bank9     SSTL15I    Output         ---              ---              ---            ---            ---          ---           ---                ---                5                 
FDDR_ADDR[6]           AL2   Yes    DDRIO142PB9/FDDR_W_ADDR6                                               Bank9     SSTL15I    Output         ---              ---              ---            ---            ---          ---           ---                ---                5                 
FDDR_ADDR[7]           AD2   Yes    DDRIO143PB9/FDDR_W_ADDR7                                               Bank9     SSTL15I    Output         ---              ---              ---            ---            ---          ---           ---                ---                5                 
FDDR_ADDR[8]           AE1   Yes    DDRIO144NB9/FDDR_W_ADDR8                                               Bank9     SSTL15I    Output         ---              ---              ---            ---            ---          ---           ---                ---                5                 
FDDR_ADDR[9]           AD1   Yes    DDRIO144PB9/FDDR_W_ADDR9                                               Bank9     SSTL15I    Output         ---              ---              ---            ---            ---          ---           ---                ---                5                 
FDDR_ADDR[10]          AK1   Yes    DDRIO145NB9/FDDR_W_ADDR10                                              Bank9     SSTL15I    Output         ---              ---              ---            ---            ---          ---           ---                ---                5                 
FDDR_ADDR[11]          AJ1   Yes    DDRIO145PB9/FDDR_W_ADDR11                                              Bank9     SSTL15I    Output         ---              ---              ---            ---            ---          ---           ---                ---                5                 
FDDR_ADDR[12]          AD3   Yes    DDRIO146NB9/FDDR_W_ADDR12/SPWR_NW0_1_RX_DATA_N                         Bank9     SSTL15I    Output         ---              ---              ---            ---            ---          ---           ---                ---                5                 
FDDR_ADDR[13]          AC3   Yes    DDRIO146PB9/FDDR_W_ADDR13/GB0_11/CCC_NW0_CLKI3/SPWR_NW0_1_RX_DATA_P    Bank9     SSTL15I    Output         ---              ---              ---            ---            ---          ---           ---                ---                5                 
FDDR_ADDR[14]          AC1   Yes    DDRIO147NB9/FDDR_W_ADDR14/SPWR_NW0_1_RX_STROBE_N                       Bank9     SSTL15I    Output         ---              ---              ---            ---            ---          ---           ---                ---                5                 
FDDR_ADDR[15]          AB1   Yes    DDRIO147PB9/FDDR_W_ADDR15/GB0_11/CCC_NW0_CLKI2/SPWR_NW0_1_RX_STROBE_P  Bank9     SSTL15I    Output         ---              ---              ---            ---            ---          ---           ---                ---                5                 
FDDR_BA[0]             AK2   Yes    DDRIO138NB9/FDDR_W_BA0                                                 Bank9     SSTL15I    Output         ---              ---              ---            ---            ---          ---           ---                ---                5                 
FDDR_BA[1]             AJ2   Yes    DDRIO138PB9/FDDR_W_BA1                                                 Bank9     SSTL15I    Output         ---              ---              ---            ---            ---          ---           ---                ---                5                 
FDDR_BA[2]             AN1   Yes    DDRIO139NB9/FDDR_W_BA2                                                 Bank9     SSTL15I    Output         ---              ---              ---            ---            ---          ---           ---                ---                5                 
FDDR_CAS_N             AN3   Yes    DDRIO136PB9/FDDR_W_CAS_N                                               Bank9     SSTL15I    Output         ---              ---              ---            ---            ---          ---           ---                ---                5                 
FDDR_CKE               AL3   Yes    DDRIO135NB9/FDDR_W_CKE                                                 Bank9     SSTL15I    Output         ---              ---              ---            ---            ---          ---           ---                ---                5                 
FDDR_CLK               AG3   Yes    DDRIO137PB9/FDDR_W_CLK                                                 Bank9     SSTL15I    Output         ---              ---              ---            ---            ---          ---           ---                ---                5                 
FDDR_CLK_N             AG2   Yes    DDRIO137NB9/FDDR_W_CLK_N                                               Bank9     SSTL15I    Output         ---              ---              ---            ---            ---          ---           ---                ---                5                 
FDDR_CS_N              AM3   Yes    DDRIO135PB9/FDDR_W_CS_N                                                Bank9     SSTL15I    Output         ---              ---              ---            ---            ---          ---           ---                ---                5                 
FDDR_DM_RDQS[0]        AE10  Yes    DDRIO158NB9/FDDR_W_DM_RDQS0                                            Bank9     SSTL15I    Inout          ---              ---              Off            40             Off          ---           ---                ---                5                 
FDDR_DM_RDQS[1]        AH5   Yes    DDRIO151NB9/FDDR_W_DM_RDQS1                                            Bank9     SSTL15I    Inout          ---              ---              Off            40             Off          ---           ---                ---                5                 
FDDR_DM_RDQS[2]        AH11  Yes    DDRIO131NB9/FDDR_W_DM_RDQS2                                            Bank9     SSTL15I    Inout          ---              ---              Off            40             Off          ---           ---                ---                5                 
FDDR_DM_RDQS[3]        AN6   Yes    DDRIO124NB9/FDDR_W_DM_RDQS3                                            Bank9     SSTL15I    Inout          ---              ---              Off            40             Off          ---           ---                ---                5                 
FDDR_DQ[0]             AG11  Yes    DDRIO155NB9/FDDR_W_DQ0                                                 Bank9     SSTL15I    Inout          ---              ---              Off            40             Off          ---           ---                ---                5                 
FDDR_DQ[1]             AG10  Yes    DDRIO155PB9/FDDR_W_DQ1                                                 Bank9     SSTL15I    Inout          ---              ---              Off            40             Off          ---           ---                ---                5                 
FDDR_DQ[2]             AH10  Yes    DDRIO156NB9/FDDR_W_DQ2                                                 Bank9     SSTL15I    Inout          ---              ---              Off            40             Off          ---           ---                ---                5                 
FDDR_DQ[3]             AH9   Yes    DDRIO156PB9/FDDR_W_DQ3                                                 Bank9     SSTL15I    Inout          ---              ---              Off            40             Off          ---           ---                ---                5                 
FDDR_DQ[4]             AE11  Yes    DDRIO158PB9/FDDR_W_DQ4                                                 Bank9     SSTL15I    Inout          ---              ---              Off            40             Off          ---           ---                ---                5                 
FDDR_DQ[5]             AD8   Yes    DDRIO159NB9/FDDR_W_DQ5                                                 Bank9     SSTL15I    Inout          ---              ---              Off            40             Off          ---           ---                ---                5                 
FDDR_DQ[6]             AC8   Yes    DDRIO159PB9/FDDR_W_DQ6                                                 Bank9     SSTL15I    Inout          ---              ---              Off            40             Off          ---           ---                ---                5                 
FDDR_DQ[7]             AF8   Yes    DDRIO160NB9/FDDR_W_DQ7                                                 Bank9     SSTL15I    Inout          ---              ---              Off            40             Off          ---           ---                ---                5                 
FDDR_DQ[8]             AH6   Yes    DDRIO148NB9/FDDR_W_DQ8                                                 Bank9     SSTL15I    Inout          ---              ---              Off            40             Off          ---           ---                ---                5                 
FDDR_DQ[9]             AG7   Yes    DDRIO148PB9/FDDR_W_DQ9                                                 Bank9     SSTL15I    Inout          ---              ---              Off            40             Off          ---           ---                ---                5                 
FDDR_DQ[10]            AF5   Yes    DDRIO149NB9/FDDR_W_DQ10                                                Bank9     SSTL15I    Inout          ---              ---              Off            40             Off          ---           ---                ---                5                 
FDDR_DQ[11]            AE5   Yes    DDRIO149PB9/FDDR_W_DQ11                                                Bank9     SSTL15I    Inout          ---              ---              Off            40             Off          ---           ---                ---                5                 
FDDR_DQ[12]            AH4   Yes    DDRIO151PB9/FDDR_W_DQ12                                                Bank9     SSTL15I    Inout          ---              ---              Off            40             Off          ---           ---                ---                5                 
FDDR_DQ[13]            AE6   Yes    DDRIO152NB9/FDDR_W_DQ13                                                Bank9     SSTL15I    Inout          ---              ---              Off            40             Off          ---           ---                ---                5                 
FDDR_DQ[14]            AD6   Yes    DDRIO152PB9/FDDR_W_DQ14                                                Bank9     SSTL15I    Inout          ---              ---              Off            40             Off          ---           ---                ---                5                 
FDDR_DQ[15]            AD4   Yes    DDRIO153NB9/FDDR_W_DQ15                                                Bank9     SSTL15I    Inout          ---              ---              Off            40             Off          ---           ---                ---                5                 
FDDR_DQ[16]            AJ8   Yes    DDRIO128NB9/FDDR_W_DQ16                                                Bank9     SSTL15I    Inout          ---              ---              Off            40             Off          ---           ---                ---                5                 
FDDR_DQ[17]            AJ9   Yes    DDRIO128PB9/FDDR_W_DQ17                                                Bank9     SSTL15I    Inout          ---              ---              Off            40             Off          ---           ---                ---                5                 
FDDR_DQ[18]            AL9   Yes    DDRIO129NB9/FDDR_W_DQ18                                                Bank9     SSTL15I    Inout          ---              ---              Off            40             Off          ---           ---                ---                5                 
FDDR_DQ[19]            AL8   Yes    DDRIO129PB9/FDDR_W_DQ19                                                Bank9     SSTL15I    Inout          ---              ---              Off            40             Off          ---           ---                ---                5                 
FDDR_DQ[20]            AJ11  Yes    DDRIO131PB9/FDDR_W_DQ20/FDDR_W_RESERVED_8_16                           Bank9     SSTL15I    Inout          ---              ---              Off            40             Off          ---           ---                ---                5                 
FDDR_DQ[21]            AK10  Yes    DDRIO132NB9/FDDR_W_DQ21/FDDR_W_RESERVED_8_16                           Bank9     SSTL15I    Inout          ---              ---              Off            40             Off          ---           ---                ---                5                 
FDDR_DQ[22]            AK9   Yes    DDRIO132PB9/FDDR_W_DQ22/FDDR_W_RESERVED_8_16                           Bank9     SSTL15I    Inout          ---              ---              Off            40             Off          ---           ---                ---                5                 
FDDR_DQ[23]            AL7   Yes    DDRIO133NB9/FDDR_W_DQ23/FDDR_W_RESERVED_8_16                           Bank9     SSTL15I    Inout          ---              ---              Off            40             Off          ---           ---                ---                5                 
FDDR_DQ[24]            AN5   Yes    DDRIO121NB9/FDDR_W_DQ24                                                Bank9     SSTL15I    Inout          ---              ---              Off            40             Off          ---           ---                ---                5                 
FDDR_DQ[25]            AM5   Yes    DDRIO121PB9/FDDR_W_DQ25                                                Bank9     SSTL15I    Inout          ---              ---              Off            40             Off          ---           ---                ---                5                 
FDDR_DQ[26]            AG5   Yes    DDRIO122NB9/FDDR_W_DQ26                                                Bank9     SSTL15I    Inout          ---              ---              Off            40             Off          ---           ---                ---                5                 
FDDR_DQ[27]            AG6   Yes    DDRIO122PB9/FDDR_W_DQ27                                                Bank9     SSTL15I    Inout          ---              ---              Off            40             Off          ---           ---                ---                5                 
FDDR_DQ[28]            AM6   Yes    DDRIO124PB9/FDDR_W_DQ28                                                Bank9     SSTL15I    Inout          ---              ---              Off            40             Off          ---           ---                ---                5                 
FDDR_DQ[29]            AJ6   Yes    DDRIO125NB9/FDDR_W_DQ29                                                Bank9     SSTL15I    Inout          ---              ---              Off            40             Off          ---           ---                ---                5                 
FDDR_DQ[30]            AJ7   Yes    DDRIO125PB9/FDDR_W_DQ30                                                Bank9     SSTL15I    Inout          ---              ---              Off            40             Off          ---           ---                ---                5                 
FDDR_DQ[31]            AK4   Yes    DDRIO126NB9/FDDR_W_DQ31                                                Bank9     SSTL15I    Inout          ---              ---              Off            40             Off          ---           ---                ---                5                 
FDDR_DQS[0]            AF9   Yes    DDRIO157PB9/FDDR_W_DQS0                                                Bank9     SSTL15I    Inout          ---              ---              Off            40             Off          ---           ---                ---                5                 
FDDR_DQS[1]            AE4   Yes    DDRIO150PB9/FDDR_W_DQS1                                                Bank9     SSTL15I    Inout          ---              ---              Off            40             Off          ---           ---                ---                5                 
FDDR_DQS[2]            AM7   Yes    DDRIO130PB9/FDDR_W_DQS2                                                Bank9     SSTL15I    Inout          ---              ---              Off            40             Off          ---           ---                ---                5                 
FDDR_DQS[3]            AL5   Yes    DDRIO123PB9/FDDR_W_DQS3                                                Bank9     SSTL15I    Inout          ---              ---              Off            40             Off          ---           ---                ---                5                 
FDDR_DQS_N[0]          AF10  Yes    DDRIO157NB9/FDDR_W_DQS0_N                                              Bank9     SSTL15I    Inout          ---              ---              Off            40             Off          ---           ---                ---                5                 
FDDR_DQS_N[1]          AF4   Yes    DDRIO150NB9/FDDR_W_DQS1_N                                              Bank9     SSTL15I    Inout          ---              ---              Off            40             Off          ---           ---                ---                5                 
FDDR_DQS_N[2]          AM8   Yes    DDRIO130NB9/FDDR_W_DQS2_N                                              Bank9     SSTL15I    Inout          ---              ---              Off            40             Off          ---           ---                ---                5                 
FDDR_DQS_N[3]          AL4   Yes    DDRIO123NB9/FDDR_W_DQS3_N                                              Bank9     SSTL15I    Inout          ---              ---              Off            40             Off          ---           ---                ---                5                 
FDDR_DQS_TMATCH_0_IN   AC5   Yes    DDRIO154NB9/FDDR_W_TMATCH_0_IN                                         Bank9     SSTL15I    Input          ---              ---              Off            40             Off          ---           ---                ---                ---               
FDDR_DQS_TMATCH_0_OUT  AC6   Yes    DDRIO154PB9/FDDR_W_TMATCH_0_OUT                                        Bank9     SSTL15I    Output         ---              ---              ---            ---            ---          ---           ---                ---                5                 
FDDR_DQS_TMATCH_1_IN   AK5   Yes    DDRIO127NB9/FDDR_W_TMATCH_1_IN                                         Bank9     SSTL15I    Input          ---              ---              Off            40             Off          ---           ---                ---                ---               
FDDR_DQS_TMATCH_1_OUT  AK6   Yes    DDRIO127PB9/FDDR_W_TMATCH_1_OUT                                        Bank9     SSTL15I    Output         ---              ---              ---            ---            ---          ---           ---                ---                5                 
FDDR_ODT               AE2   Yes    DDRIO143NB9/FDDR_W_ODT                                                 Bank9     SSTL15I    Output         ---              ---              ---            ---            ---          ---           ---                ---                5                 
FDDR_RAS_N             AH3   Yes    DDRIO134NB9/FDDR_W_RAS_N                                               Bank9     SSTL15I    Output         ---              ---              ---            ---            ---          ---           ---                ---                5                 
FDDR_RESET_N           AN4   Yes    DDRIO136NB9/FDDR_W_RESET_N                                             Bank9     SSTL15I    Output         ---              ---              ---            ---            ---          ---           ---                ---                5                 
FDDR_WE_N              AJ3   Yes    DDRIO134PB9/FDDR_W_WE_N                                                Bank9     SSTL15I    Output         ---              ---              ---            ---            ---          ---           ---                ---                5                 
GPIO_IN[0]             V33   Yes    MSIOD42NB1                                                             Bank1     LVCMOS25   Input          None             Off              ---            ---            Off          ---           ---                ---                ---               
GPIO_IN[1]             V34   Yes    MSIOD42PB1                                                             Bank1     LVCMOS25   Input          None             Off              ---            ---            Off          ---           ---                ---                ---               
GPIO_IN[2]             U34   Yes    MSIOD41PB1                                                             Bank1     LVCMOS25   Input          None             Off              ---            ---            Off          ---           ---                ---                ---               
GPIO_IN[3]             W36   Yes    MSIOD69PB1                                                             Bank1     LVCMOS25   Input          None             Off              ---            ---            Off          ---           ---                ---                ---               
GPIO_IN[4]             AA30  Yes    MSIOD68NB1                                                             Bank1     LVCMOS25   Input          None             Off              ---            ---            Off          ---           ---                ---                ---               
GPIO_IN[5]             AB31  Yes    MSIOD65PB1                                                             Bank1     LVCMOS25   Input          None             Off              ---            ---            Off          ---           ---                ---                ---               
GPIO_IN[6]             AB30  Yes    MSIOD68PB1                                                             Bank1     LVCMOS25   Input          None             Off              ---            ---            Off          ---           ---                ---                ---               
GPIO_IN[7]             AB32  Yes    MSIOD65NB1                                                             Bank1     LVCMOS25   Input          None             Off              ---            ---            Off          ---           ---                ---                ---               
GPIO_OUT[0]            W35   Yes    MSIOD62PB1                                                             Bank1     LVCMOS25   Output         None             ---              ---            ---            ---          ---           ---                4                  5                 
GPIO_OUT[1]            W34   Yes    MSIOD46PB1                                                             Bank1     LVCMOS25   Output         None             ---              ---            ---            ---          ---           ---                4                  5                 
GPIO_OUT[2]            V30   Yes    MSIOD47PB1                                                             Bank1     LVCMOS25   Output         None             ---              ---            ---            ---          ---           ---                4                  5                 
GPIO_OUT[3]            W33   Yes    MSIOD46NB1                                                             Bank1     LVCMOS25   Output         None             ---              ---            ---            ---          ---           ---                4                  5                 
GPIO_OUT[4]            T33   Yes    MSIOD38PB1                                                             Bank1     LVCMOS25   Output         None             ---              ---            ---            ---          ---           ---                4                  5                 
GPIO_OUT[5]            U35   Yes    MSIOD41NB1                                                             Bank1     LVCMOS25   Output         None             ---              ---            ---            ---          ---           ---                4                  5                 
GPIO_OUT[6]            R36   Yes    MSIOD37PB1                                                             Bank1     LVCMOS25   Output         None             ---              ---            ---            ---          ---           ---                4                  5                 
GPIO_OUT[7]            T34   Yes    MSIOD38NB1                                                             Bank1     LVCMOS25   Output         None             ---              ---            ---            ---          ---           ---                4                  5                 
RX                     E27   Yes    MSIO325PB4                                                             Bank4     LVCMOS25   Input          None             Off              ---            ---            Off          ---           ---                ---                ---               
TCK                    L29   Fixed  JTAG_TCK                                                               ---       
TDI                    G35   Fixed  JTAG_TDI                                                               ---       
TDO                    K31   Fixed  JTAG_TDO                                                               ---       
TMS                    K30   Fixed  JTAG_TMS                                                               ---       
TRSTB                  H34   Fixed  JTAG_TRSTB                                                             ---       
TX                     E28   Yes    MSIO325NB4                                                             Bank4     LVCMOS25   Output         None             ---              ---            ---            ---          ---           ---                4                  5                 
